{"EnableInterContainerTrafficEncryption":false,"EnableNetworkIsolation":false,"EnableManagedSpotTraining":true,"HyperParameters":{"arg2":"\"hello\"","sagemaker_container_log_level":"20","sagemaker_program":"\"algo.py\"","arg1":"5","sagemaker_region":"\"us-east-1\"","sagemaker_job_name":"\"Task1-2020-09-13-13-18-08-bZTlsaqt\"","sagemaker_submit_directory":"\"s3://sagemaker-us-east-1-667232328135/tests/simple-sagemaker-example_2020-09-13-13-16-13_py37/Task1/Task1-2020-09-13-13-18-08-bZTlsaqt/source/sourcedir.tar.gz\""},"InputDataConfig":[{"ChannelName":"data","DataSource":{"S3DataSource":{"S3DataType":"S3_PREFIX","S3Uri":"s3://sagemaker-us-east-1-667232328135/tests/simple-sagemaker-example_2020-09-13-13-16-13_py37/Task1/input","S3DataDistributionType":"SHARDED_BY_S3_KEY"}},"CompressionType":"NONE","RecordWrapperType":"NONE"}],"OutputDataConfig":{"KmsKeyId":"","S3OutputPath":"s3://sagemaker-us-east-1-667232328135/tests/simple-sagemaker-example_2020-09-13-13-16-13_py37/Task1"},"ResourceConfig":{"InstanceCount":2,"InstanceType":"ml.m5.large","VolumeSizeInGB":30},"RoleArn":"arn:aws:iam::667232328135:role/SageMakerIAMRole","TrainingJobName":"Task1-2020-09-13-13-18-08-bZTlsaqt","StoppingCondition":{"MaxRuntimeInSeconds":86400,"MaxWaitTimeInSeconds":86400},"AlgorithmSpecification":{"MetricDefinitions":[],"TrainingImage":"667232328135.dkr.ecr.us-east-1.amazonaws.com/task_repo:latest","TrainingInputMode":"File"},"TrainingJobArn":"arn:aws:sagemaker:us-east-1:667232328135:training-job/task1-2020-09-13-13-18-08-bztlsaqt","DebugHookConfig":{"S3OutputPath":"s3://sagemaker-us-east-1-667232328135/tests/simple-sagemaker-example_2020-09-13-13-16-13_py37/Task1/Task1-2020-09-13-13-18-08-bZTlsaqt/debug-output","LocalPath":"/opt/ml/output/tensors"},"CheckpointConfig":{"S3Uri":"s3://sagemaker-us-east-1-667232328135/tests/simple-sagemaker-example_2020-09-13-13-16-13_py37/Task1/state","LocalPath":"/state"}}