06c4372d43e3ac92c5948af6b24b4451a9411a9d6b35b3ea8fc58ce139801c0d