410a5606ccc28108db7bb9a57e017ede7435dbad27a8006e1c791b3253e9a56f