3dafe98cceea0434cf8a0317db110ce8d7715cf55148f7d01db62c87513f22a5