5170e2d5e00d5c82089e345b496a302ab3f718422557ef993ab6aa21ca6957f6