f2c3ab6ee644ba9507f3ddd33880fa78f92c80ff872bc1ad676e0a5c40ff3493