33239f183d3cbaca957e9693637fca6cb91053d1c22f5c4dea577b50d0acc23d