8bccdd60fc3a89eb9ed807dd31e868ea48c98411c564ca4aefc354b9956675de