4408a9652884249b5b709d8defd726d3f5aa3279418fd303180bc12d084172ef