af4213e2a92ed6e447f7a932fffc36ace134c03ee6ddb2eca12f5feb194cc625