f40eb8bab43e2ff8deeb6b5d360d911506be914ef302d8a1de5a431f3d32c222