492115a2d3a54eb5fd4a301f1cdfd328b2d3dd918e709386cea8133f8cac53eb