009d779779361f1546d808945aaa05765e7d17b6b8b7a383d658ceaeddcff0db