d4f791a9185a4f2c18c3046c41efb26c0a833b73fc52abb3cddd4fe3ac130196