f2360a3551f3cc5293cf9939773102bca6b6d0aa261bff78ef5f69aac3265afb