15abf0e81387289c4c1635b386afcb162a3672ed2f757266cc6a6273170ac608