5a6ac152f8bd88add55172dca76225c1cf01c821e1037184ff54f06baf7fb028