0016e926397c238c574679cfa4c21b44c4c56cbd1328e92327d088fa319eb206