E,EG2,q_aln_len,q_len,translated_q_name,q_start,q_strand,s_aln_len,s_len,s_name,s_start,s_strand,score,bitscore,q_name,q_frame,ID
2.1e-11,1300000.0,14,14,tr0_2,0,+,14,14,db1,0,+,82.0,39.480070426793006,tr0,2,0
5.5e-10,20000000.0,14,14,tr1_2,0,+,14,14,db1,0,+,73.0,35.507732260783726,tr1,2,5
7.9e-10,28000000.0,14,14,tr2_4,0,+,14,14,db9,0,+,72.0,35.06636135344936,tr2,4,9
5.5e-10,20000000.0,14,14,tr3_4,0,+,14,14,db15,0,+,73.0,35.507732260783726,tr3,4,8
