q_len,s_name,s_len,q_name,bitscore,ID,q_aln_len,s_start,q_start,q_strand,s_aln_len,EG2,s_strand,E,score,q_frame
14,db1,14,tr0,39.480070426793006,0,14,0,0,+,14,1300000.0,+,2.1e-11,82.0,2
14,db9,14,tr2,35.06636135344936,9,14,0,0,+,14,28000000.0,+,7.9e-10,72.0,4
14,db15,14,tr3,35.507732260783726,8,14,0,0,+,14,20000000.0,+,5.5e-10,73.0,4
