{"S3OutputPath":"s3://sagemaker-us-east-1-667232328135/tests/simple-sagemaker-example_2020-09-13-13-16-13_py37/Task1/Task1-2020-09-13-13-18-08-bZTlsaqt/debug-output","LocalPath":"/opt/ml/output/tensors","HookParameters":null,"CollectionConfigurations":null}