{"arg2":"\"hello\"","sagemaker_container_log_level":"20","sagemaker_program":"\"algo.py\"","arg1":"5","sagemaker_region":"\"us-east-1\"","sagemaker_job_name":"\"Task1-2020-09-13-13-18-08-bZTlsaqt\"","sagemaker_submit_directory":"\"s3://sagemaker-us-east-1-667232328135/tests/simple-sagemaker-example_2020-09-13-13-16-13_py37/Task1/Task1-2020-09-13-13-18-08-bZTlsaqt/source/sourcedir.tar.gz\""}