5.145435393136968960e-01
2.009895284405383897e+00
