7104190005529a3fe8a1ae6beb794b6a371312b915b35bec360af40a52bd3778