36d193b074051c3315afc943cdf4cfb835becac3ea9f18cd1458130bb39e320c