7df77bfd64828e4d3a6f08eaf5760f85526f6c1adee82b61701f26c4a3432a86