7dca9347141d00754c0cc2bbe67695062331002a6a21cd9969435fb70a45600a