504fe6417dc90a3c3dc7d809745b1f7a3cc2f3c3a1c2408408d871be027d49c7