b7c821b8fd006069ae2b55b855be9dde6f3f3ce141dd546a2bce64b0bde9e93a