2d251a155b377f20923dc66092dd7d942f1a0343a063d86341f8e761caa50bdb