76c6de73910086f2697ea748757a4f5e67c6e069131f28e3e54c380a7d6e8e18