58f07139c4b6c814f04131b5d0f1dc7ebfc5c9db8669be59ee7c58e3b8fe8111