f915b632d26b2e2ccc339677635a9783d0f00dd6e3cdc2fee08cc7b3e649a3a0