7e4e7e8ec36d9b661b357637cb4d2fb9adc37481764d645382d6b0ccb6ad7c71